// Jest Snapshot v1, https://goo.gl/fbAQLP

exports[`NavEntry matches snapshot 1`] = `
<DocumentFragment>
  <li
    class="pf-v6-c-nav__item"
    data-ouia-component-id="OUIA-Generated-NavItem-7"
    data-ouia-component-type="PF6/NavItem"
    data-ouia-safe="true"
  >
    <a
      class="pf-v6-c-nav__link"
      href="/section1/entry-1-title"
      id="nav-entry-entry1"
    >
      <span
        class="pf-v6-c-nav__link-text"
      >
        Entry 1 Title
      </span>
    </a>
  </li>
</DocumentFragment>
`;
