// Jest Snapshot v1, https://goo.gl/fbAQLP

exports[`matches snapshot 1`] = `
<DocumentFragment>
  <li
    class="pf-v6-c-nav__item pf-m-expanded pf-m-current"
    data-ouia-component-id="OUIA-Generated-NavExpandable-8"
    data-ouia-component-type="PF6/NavExpandable"
    data-ouia-safe="true"
  >
    <button
      aria-expanded="true"
      class="pf-v6-c-nav__link"
      id="nav-section-section1"
    >
      Section1
      <span
        class="pf-v6-c-nav__toggle"
      >
        <span
          class="pf-v6-c-nav__toggle-icon"
        >
          <svg
            aria-hidden="true"
            class="pf-v6-svg"
            fill="currentColor"
            height="1em"
            role="img"
            viewBox="0 0 256 512"
            width="1em"
          >
            <path
              d="M224.3 273l-136 136c-9.4 9.4-24.6 9.4-33.9 0l-22.6-22.6c-9.4-9.4-9.4-24.6 0-33.9l96.4-96.4-96.4-96.4c-9.4-9.4-9.4-24.6 0-33.9L54.3 103c9.4-9.4 24.6-9.4 33.9 0l136 136c9.5 9.4 9.5 24.6.1 34z"
            />
          </svg>
        </span>
      </span>
    </button>
    <section
      aria-labelledby="nav-section-section1"
      class="pf-v6-c-nav__subnav"
    >
      <ul
        class="pf-v6-c-nav__list"
        role="list"
      >
        <li
          class="pf-v6-c-nav__item"
          data-ouia-component-id="OUIA-Generated-NavItem-22"
          data-ouia-component-type="PF6/NavItem"
          data-ouia-safe="true"
        >
          <a
            aria-current="page"
            class="pf-v6-c-nav__link pf-m-current"
            href="/section1/entry1"
            id="nav-entry-entry1"
          >
            <span
              class="pf-v6-c-nav__link-text"
            >
              Entry1
            </span>
          </a>
        </li>
        <li
          class="pf-v6-c-nav__item"
          data-ouia-component-id="OUIA-Generated-NavItem-23"
          data-ouia-component-type="PF6/NavItem"
          data-ouia-safe="true"
        >
          <a
            class="pf-v6-c-nav__link"
            href="/Section1/entry2"
            id="nav-entry-entry2"
          >
            <span
              class="pf-v6-c-nav__link-text"
            >
              Entry2
            </span>
          </a>
        </li>
        <li
          class="pf-v6-c-nav__item"
          data-ouia-component-id="OUIA-Generated-NavItem-24"
          data-ouia-component-type="PF6/NavItem"
          data-ouia-safe="true"
        >
          <a
            class="pf-v6-c-nav__link"
            href="/Section1/entry3"
            id="nav-entry-entry3"
          >
            <span
              class="pf-v6-c-nav__link-text"
            >
              Entry3
            </span>
          </a>
        </li>
      </ul>
    </section>
  </li>
</DocumentFragment>
`;
